4d 5a 5b 00 01 00 01 00 03 00 41 00 ff ff 03 00 00 04 00 00 00 00 00 00 20 00 00 00 00 00 00 00 01 00 00 00 00 00 00 00 00 00 00 00 00 00 00 00 
